// Jest Snapshot v1, https://goo.gl/fbAQLP

exports[`Pagination Snapshot compounding the UI of the component 1`] = `
<div
  className="paging__container"
>
  <button
    className="icon icon--left"
  />
  <div>
    <span
      className="paging paging-start"
    >
       
      NaN
       
    </span>
    <span
      className="paging"
    >
       de 
    </span>
    <span
      className="paging"
    >
       
       
    </span>
  </div>
  <button
    className="icon icon--right"
  />
</div>
`;
