// Jest Snapshot v1, https://goo.gl/fbAQLP

exports[`Footer Snapshot compounding the UI of the component 1`] = `
<footer
  className="footer__container"
>
  <div
    className="footer__wrapper"
  >
    <a
      className="link"
      href="./"
    >
      About us
    </a>
    <a
      className="link"
      href="./"
    >
      Aim of the project
    </a>
    <a
      className="link"
      href="./"
    >
      Social media
    </a>
  </div>
</footer>
`;
